// Jest Snapshot v1, https://goo.gl/fbAQLP

exports[`MapView renders 1`] = `
<MapView>
  <div
    className="map-container"
  />
</MapView>
`;
